******************************************************************************
                  TI ARM Linker PC v20.2.5                     
******************************************************************************
>> Linked Mon May 17 00:46:10 2021

OUTPUT FILE NAME:   <Lab7_JC.out>
ENTRY POINT SYMBOL: "_c_int00_noargs"  address: 00000b25


MEMORY CONFIGURATION

         name            origin    length      used     unused   attr    fill
----------------------  --------  ---------  --------  --------  ----  --------
  FLASH                 00000000   00040000  00000f00  0003f100  R  X
  SRAM                  20000000   00008000  00000480  00007b80  RW X


SEGMENT ALLOCATION MAP

run origin  load origin   length   init length attrs members
----------  ----------- ---------- ----------- ----- -------
00000000    00000000    00000f00   00000f00    r-x
  00000000    00000000    0000026c   0000026c    r-- .intvecs
  0000026c    0000026c    00000a58   00000a58    r-x .text
  00000cc4    00000cc4    000001fc   000001fc    r-- .const
  00000ec0    00000ec0    00000040   00000040    r-- .cinit
20000000    20000000    00000480   00000000    rw-
  20000000    20000000    0000026c   00000000    rw- .vtable
  2000026c    2000026c    00000004   00000000    rw- .bss
  20000270    20000270    00000200   00000000    rw- .stack
  20000470    20000470    00000010   00000000    rw- .data


SECTION ALLOCATION MAP

 output                                  attributes/
section   page    origin      length       input sections
--------  ----  ----------  ----------   ----------------
.intvecs   0    00000000    0000026c     
                  00000000    0000026c     tm4c123gh6pm_startup_ccs.obj (.intvecs)

.text      0    0000026c    00000a58     
                  0000026c    00000234     main.obj (.text)
                  000004a0    00000132     driverlib.lib : gpio.obj (.text:GPIOPadConfigSet)
                  000005d2    00000002     --HOLE-- [fill = 0]
                  000005d4    00000110                   : sysctl.obj (.text:SysCtlClockGet)
                  000006e4    000000f4                   : sysctl.obj (.text:SysCtlClockSet)
                  000007d8    0000009c     rtsv7M4_T_le_v4SPD16_eabi.lib : memcpy_t2.asm.obj (.text)
                  00000874    00000068     driverlib.lib : interrupt.obj (.text:IntEnable)
                  000008dc    00000068     rtsv7M4_T_le_v4SPD16_eabi.lib : copy_decompress_lzss.c.obj (.text:decompress:lzss:__TI_decompress_lzss)
                  00000944    00000060     driverlib.lib : timer.obj (.text:TimerConfigure)
                  000009a4    0000004c                   : timer.obj (.text:_TimerIntNumberGet)
                  000009f0    00000046                   : uart.obj (.text:UARTConfigSetExpClk)
                  00000a36    00000002     --HOLE-- [fill = 0]
                  00000a38    00000044     rtsv7M4_T_le_v4SPD16_eabi.lib : autoinit.c.obj (.text:__TI_auto_init_nobinit_nopinit:__TI_auto_init_nobinit_nopinit)
                  00000a7c    00000040     driverlib.lib : uart.obj (.text:_UARTIntNumberGet)
                  00000abc    00000034                   : interrupt.obj (.text:IntRegister)
                  00000af0    00000034                   : sysctl.obj (.text:SysCtlPeripheralEnable)
                  00000b24    00000034     rtsv7M4_T_le_v4SPD16_eabi.lib : boot_cortex_m.c.obj (.text:_c_int00_noargs:_c_int00_noargs)
                  00000b58    0000002a     driverlib.lib : gpio.obj (.text:GPIODirModeSet)
                  00000b82    00000002     --HOLE-- [fill = 0]
                  00000b84    00000020                   : uart.obj (.text:UARTDisable)
                  00000ba4    0000001c     rtsv7M4_T_le_v4SPD16_eabi.lib : copy_zero_init.c.obj (.text:decompress:ZI:__TI_zero_init_nomemset:__TI_zero_init_nomemset)
                  00000bc0    00000018     driverlib.lib : gpio.obj (.text:GPIOPinTypeGPIOOutput)
                  00000bd8    00000018                   : timer.obj (.text:TimerIntRegister)
                  00000bf0    00000018                   : uart.obj (.text:UARTIntRegister)
                  00000c08    00000014                   : uart.obj (.text:UARTEnable)
                  00000c1c    00000012                   : gpio.obj (.text:GPIOPinTypeUART)
                  00000c2e    00000012                   : timer.obj (.text:TimerLoadSet)
                  00000c40    00000010                   : interrupt.obj (.text:IntMasterEnable)
                  00000c50    0000000e                   : timer.obj (.text:TimerEnable)
                  00000c5e    0000000e     rtsv7M4_T_le_v4SPD16_eabi.lib : copy_decompress_none.c.obj (.text:decompress:none:__TI_decompress_none)
                  00000c6c    0000000c     driverlib.lib : cpu.obj (.text:CPUcpsie)
                  00000c78    0000000c     tm4c123gh6pm_startup_ccs.obj (.text)
                  00000c84    0000000a     driverlib.lib : uart.obj (.text:UARTCharGet)
                  00000c8e    0000000a                   : uart.obj (.text:UARTCharPut)
                  00000c98    00000008                   : timer.obj (.text:TimerIntEnable)
                  00000ca0    00000008                   : uart.obj (.text:UARTIntEnable)
                  00000ca8    00000006                   : gpio.obj (.text:GPIOPinWrite)
                  00000cae    00000006                   : sysctl.obj (.text:SysCtlDelay)
                  00000cb4    00000004                   : timer.obj (.text:TimerIntClear)
                  00000cb8    00000004                   : uart.obj (.text:UARTIntClear)
                  00000cbc    00000004     rtsv7M4_T_le_v4SPD16_eabi.lib : pre_init.c.obj (.text:_system_pre_init)
                  00000cc0    00000004                                   : exit.c.obj (.text:abort:abort)

.const     0    00000cc4    000001fc     
                  00000cc4    00000070     driverlib.lib : interrupt.obj (.const)
                  00000d34    0000006c                   : sysctl.obj (.const:g_pui32Xtals)
                  00000da0    00000060                   : timer.obj (.const:g_ppui32TimerIntMap)
                  00000e00    00000040                   : timer.obj (.const:g_ppui32TimerIntMapSnowflake)
                  00000e40    00000040                   : uart.obj (.const:g_ppui32UARTIntMap)
                  00000e80    00000040                   : uart.obj (.const:g_ppui32UARTIntMapSnowflake)

.cinit     0    00000ec0    00000040     
                  00000ec0    0000000c     (__TI_handler_table)
                  00000ecc    0000000b     (.cinit..data.load) [load image, compression = lzss]
                  00000ed7    00000001     --HOLE-- [fill = 0]
                  00000ed8    00000008     (.cinit..bss.load) [load image, compression = zero_init]
                  00000ee0    00000008     (.cinit..vtable.load) [load image, compression = zero_init]
                  00000ee8    00000018     (__TI_cinit_table)

.init_array 
*          0    00000000    00000000     UNINITIALIZED

.vtable    0    20000000    0000026c     UNINITIALIZED
                  20000000    0000026c     driverlib.lib : interrupt.obj (.vtable)

.bss       0    2000026c    00000004     UNINITIALIZED
                  2000026c    00000004     (.common:led)

.data      0    20000470    00000010     UNINITIALIZED
                  20000470    00000010     main.obj (.data)

.stack     0    20000270    00000200     UNINITIALIZED
                  20000270    00000004     rtsv7M4_T_le_v4SPD16_eabi.lib : boot_cortex_m.c.obj (.stack)
                  20000274    000001fc     --HOLE--

__llvm_prf_cnts 
*          0    20000000    00000000     UNINITIALIZED

MODULE SUMMARY

       Module                         code   ro data   rw data
       ------                         ----   -------   -------
    .\
       tm4c123gh6pm_startup_ccs.obj   12     620       0      
       main.obj                       564    0         20     
    +--+------------------------------+------+---------+---------+
       Total:                         576    620       20     
                                                              
    C:/ti/TivaWare_C_Series-2.1.4.178/driverlib/ccs/Debug/driverlib.lib
       interrupt.obj                  172    112       620    
       sysctl.obj                     574    108       0      
       timer.obj                      240    160       0      
       gpio.obj                       396    0         0      
       uart.obj                       242    128       0      
       cpu.obj                        12     0         0      
    +--+------------------------------+------+---------+---------+
       Total:                         1636   508       620    
                                                              
    C:\ti\ccs1031\ccs\tools\compiler\ti-cgt-arm_20.2.5.LTS\lib\rtsv7M4_T_le_v4SPD16_eabi.lib
       memcpy_t2.asm.obj              156    0         0      
       copy_decompress_lzss.c.obj     104    0         0      
       autoinit.c.obj                 68     0         0      
       boot_cortex_m.c.obj            52     0         0      
       copy_zero_init.c.obj           28     0         0      
       copy_decompress_none.c.obj     14     0         0      
       exit.c.obj                     4      0         0      
       pre_init.c.obj                 4      0         0      
    +--+------------------------------+------+---------+---------+
       Total:                         430    0         0      
                                                              
       Stack:                         0      0         512    
       Linker Generated:              0      63        0      
    +--+------------------------------+------+---------+---------+
       Grand Total:                   2642   1191      1152   


LINKER GENERATED COPY TABLES

__TI_cinit_table @ 00000ee8 records: 3, size/record: 8, table size: 24
	.data: load addr=00000ecc, load size=0000000b bytes, run addr=20000470, run size=00000010 bytes, compression=lzss
	.bss: load addr=00000ed8, load size=00000008 bytes, run addr=2000026c, run size=00000004 bytes, compression=zero_init
	.vtable: load addr=00000ee0, load size=00000008 bytes, run addr=20000000, run size=0000026c bytes, compression=zero_init


LINKER GENERATED HANDLER TABLE

__TI_handler_table @ 00000ec0 records: 3, size/record: 4, table size: 12
	index: 0, handler: __TI_zero_init
	index: 1, handler: __TI_decompress_lzss
	index: 2, handler: __TI_decompress_none


GLOBAL SYMBOLS: SORTED ALPHABETICALLY BY Name 

address   name                          
-------   ----                          
00000cc1  C$$EXIT                       
00000c6d  CPUcpsie                      
00000b59  GPIODirModeSet                
000004a1  GPIOPadConfigSet              
00000bc1  GPIOPinTypeGPIOOutput         
00000c1d  GPIOPinTypeUART               
00000ca9  GPIOPinWrite                  
00000875  IntEnable                     
00000c41  IntMasterEnable               
00000abd  IntRegister                   
00000c79  ResetISR                      
000005d5  SysCtlClockGet                
000006e5  SysCtlClockSet                
00000caf  SysCtlDelay                   
00000af1  SysCtlPeripheralEnable        
00000381  Timer0IntHandler              
00000945  TimerConfigure                
00000c51  TimerEnable                   
00000cb5  TimerIntClear                 
00000c99  TimerIntEnable                
00000bd9  TimerIntRegister              
00000c2f  TimerLoadSet                  
00000c85  UARTCharGet                   
00000c8f  UARTCharPut                   
000009f1  UARTConfigSetExpClk           
00000b85  UARTDisable                   
00000c09  UARTEnable                    
00000cb9  UARTIntClear                  
00000ca1  UARTIntEnable                 
000003c5  UARTIntHandler                
00000bf1  UARTIntRegister               
20000470  __STACK_END                   
00000200  __STACK_SIZE                  
20000470  __STACK_TOP                   
00000ee8  __TI_CINIT_Base               
00000f00  __TI_CINIT_Limit              
00000ec0  __TI_Handler_Table_Base       
00000ecc  __TI_Handler_Table_Limit      
00000a39  __TI_auto_init_nobinit_nopinit
000008dd  __TI_decompress_lzss          
00000c5f  __TI_decompress_none          
ffffffff  __TI_pprof_out_hndl           
ffffffff  __TI_prof_data_size           
ffffffff  __TI_prof_data_start          
00000000  __TI_static_base__            
00000ba5  __TI_zero_init_nomemset       
000007d9  __aeabi_memcpy                
000007d9  __aeabi_memcpy4               
000007d9  __aeabi_memcpy8               
ffffffff  __binit__                     
ffffffff  __c_args__                    
UNDEFED   __mpu_init                    
20000270  __stack                       
20000000  __start___llvm_prf_cnts       
20000000  __stop___llvm_prf_cnts        
00000b25  _c_int00_noargs               
UNDEFED   _system_post_cinit            
00000cbd  _system_pre_init              
00000cc1  abort                         
ffffffff  binit                         
20000471  dato                          
20000470  estado                        
20000000  g_pfnRAMVectors               
00000000  g_pfnVectors                  
2000026c  led                           
0000026d  main                          
000007d9  memcpy                        
0000040f  toggle                        
20000478  xb                            
2000047c  xg                            
20000474  xr                            


GLOBAL SYMBOLS: SORTED BY Symbol Address 

address   name                          
-------   ----                          
00000000  __TI_static_base__            
00000000  g_pfnVectors                  
00000200  __STACK_SIZE                  
0000026d  main                          
00000381  Timer0IntHandler              
000003c5  UARTIntHandler                
0000040f  toggle                        
000004a1  GPIOPadConfigSet              
000005d5  SysCtlClockGet                
000006e5  SysCtlClockSet                
000007d9  __aeabi_memcpy                
000007d9  __aeabi_memcpy4               
000007d9  __aeabi_memcpy8               
000007d9  memcpy                        
00000875  IntEnable                     
000008dd  __TI_decompress_lzss          
00000945  TimerConfigure                
000009f1  UARTConfigSetExpClk           
00000a39  __TI_auto_init_nobinit_nopinit
00000abd  IntRegister                   
00000af1  SysCtlPeripheralEnable        
00000b25  _c_int00_noargs               
00000b59  GPIODirModeSet                
00000b85  UARTDisable                   
00000ba5  __TI_zero_init_nomemset       
00000bc1  GPIOPinTypeGPIOOutput         
00000bd9  TimerIntRegister              
00000bf1  UARTIntRegister               
00000c09  UARTEnable                    
00000c1d  GPIOPinTypeUART               
00000c2f  TimerLoadSet                  
00000c41  IntMasterEnable               
00000c51  TimerEnable                   
00000c5f  __TI_decompress_none          
00000c6d  CPUcpsie                      
00000c79  ResetISR                      
00000c85  UARTCharGet                   
00000c8f  UARTCharPut                   
00000c99  TimerIntEnable                
00000ca1  UARTIntEnable                 
00000ca9  GPIOPinWrite                  
00000caf  SysCtlDelay                   
00000cb5  TimerIntClear                 
00000cb9  UARTIntClear                  
00000cbd  _system_pre_init              
00000cc1  C$$EXIT                       
00000cc1  abort                         
00000ec0  __TI_Handler_Table_Base       
00000ecc  __TI_Handler_Table_Limit      
00000ee8  __TI_CINIT_Base               
00000f00  __TI_CINIT_Limit              
20000000  __start___llvm_prf_cnts       
20000000  __stop___llvm_prf_cnts        
20000000  g_pfnRAMVectors               
2000026c  led                           
20000270  __stack                       
20000470  __STACK_END                   
20000470  __STACK_TOP                   
20000470  estado                        
20000471  dato                          
20000474  xr                            
20000478  xb                            
2000047c  xg                            
ffffffff  __TI_pprof_out_hndl           
ffffffff  __TI_prof_data_size           
ffffffff  __TI_prof_data_start          
ffffffff  __binit__                     
ffffffff  __c_args__                    
ffffffff  binit                         
UNDEFED   __mpu_init                    
UNDEFED   _system_post_cinit            

[71 symbols]
