Microchip MPLAB XC8 Compiler V2.31

Linker command line:

-W-3 --edf=C:\Program Files\Microchip\xc8\v2.31\pic\dat\en_msgs.txt -cn \
  -h+dist/default/production\MplabX_Master.production.sym \
  --cmf=dist/default/production\MplabX_Master.production.cmf -z -Q16F887 \
  -oC:\Users\jorge\AppData\Local\Temp\sa4g.2 --defsym=__MPLAB_BUILD=1 \
  -Mdist/default/production/MplabX_Master.production.map -E1 \
  -ver=XC8 Compiler --acfsm=1493 -ASTACK=0110h-016Fh -pstack=STACK \
  -ACODE=00h-07FFhx4 -ASTRCODE=00h-01FFFh -ASTRING=00h-0FFhx32 \
  -ACONST=00h-0FFhx32 -AENTRY=00h-0FFhx32 -ACOMMON=070h-07Fh \
  -ABANK0=020h-06Fh -ABANK1=0A0h-0EFh -ABANK2=0110h-016Fh \
  -ABANK3=0190h-01EFh -ARAM=020h-06Fh,0A0h-0EFh,0110h-016Fh,0190h-01EFh \
  -AABS1=020h-07Fh,0A0h-0EFh,0110h-016Fh,0190h-01EFh -ASFR0=00h-01Fh \
  -ASFR1=080h-09Fh -ASFR2=0100h-010Fh -ASFR3=0180h-018Fh \
  -ACONFIG=02007h-02008h -DCONFIG=2 -AIDLOC=02000h-02003h -DIDLOC=2 \
  -AEEDATA=00h-0FFh/02100h -peeprom_data=EEDATA -DEEDATA=2 -DCODE=2 \
  -DSTRCODE=2 -DSTRING=2 -DCONST=2 -DENTRY=2 \
  -preset_vec=00h,intentry=04h,init,end_init -ppowerup=CODE -pcinit=CODE \
  -pfunctab=ENTRY -k C:\Users\jorge\AppData\Local\Temp\sa4g.o \
  dist/default/production\MplabX_Master.production.o 

Object code version is 3.11

Machine type is 16F887



                Name                               Link     Load   Length Selector   Space Scale
C:\Users\jorge\AppData\Local\Temp\sa4g.o
                end_init                              C        C        3        8       0
                reset_vec                             0        0        3        0       0
                config                             2007     2007        2        0       4
dist/default/production\MplabX_Master.production.o
                cinit                                 F        F       15        8       0
                intentry                              4        4        8        8       0
                config                             2007     2007        2        0       4
                text17                              43F      43F       12        8       0
                text16                              451      451        D        8       0
                text15                              485      485        9      8D0       0
                text14                              472      472        A      8D0       0
                text13                              38B      38B       31        8       0
                text12                              3BC      3BC       30        8       0
                text11                              47C      47C        9      8D0       0
                text10                              40B      40B       1F        8       0
                text9                               150      150       83        8       0
                text8                               468      468        A      8D0       0
                text7                               3EC      3EC       1F        8       0
                text6                               24B      24B       69        8       0
                text5                               42A      42A       15        8       0
                text4                               1D3      1D3       78        8       0
                text3                               2B4      2B4       68        8       0
                text2                               31C      31C       3A        8       0
                text1                               356      356       35        8       0
                maintext                             24       24      12C        8       0
                cstackBANK0                          20       20       14       20       1
                cstackCOMMON                         70       70        8       70       1
                bssBANK0                             34       34        C       20       1
                bssCOMMON                            78       78        3       70       1
                strings                             45E      45E        A      8BC       0

TOTAL           Name                               Link     Load   Length     Space
        CLASS   STACK          

        CLASS   CODE           
                end_init                              C        C        3         0
                cinit                                 F        F       15         0
                intentry                              4        4        8         0
                reset_vec                             0        0        3         0
                text17                              43F      43F       12         0
                text16                              451      451        D         0
                text15                              485      485        9         0
                text14                              472      472        A         0
                text13                              38B      38B       31         0
                text12                              3BC      3BC       30         0
                text11                              47C      47C        9         0
                text10                              40B      40B       1F         0
                text9                               150      150       83         0
                text8                               468      468        A         0
                text7                               3EC      3EC       1F         0
                text6                               24B      24B       69         0
                text5                               42A      42A       15         0
                text4                               1D3      1D3       78         0
                text3                               2B4      2B4       68         0
                text2                               31C      31C       3A         0
                text1                               356      356       35         0
                maintext                             24       24      12C         0

        CLASS   STRCODE        

        CLASS   STRING         
                strings                             45E      45E        A         0

        CLASS   CONST          

        CLASS   ENTRY          

        CLASS   COMMON         
                cstackCOMMON                         70       70        8         1
                bssCOMMON                            78       78        3         1

        CLASS   BANK0          
                cstackBANK0                          20       20       14         1
                bssBANK0                             34       34        C         1

        CLASS   BANK1          

        CLASS   BANK2          

        CLASS   BANK3          

        CLASS   RAM            

        CLASS   ABS1           
                abs_s1                               7E       7E        2         1

        CLASS   SFR0           

        CLASS   SFR1           

        CLASS   SFR2           

        CLASS   SFR3           

        CLASS   CONFIG         
                config                             2007     2007        2         4

        CLASS   IDLOC          

        CLASS   EEDATA         



SEGMENTS        Name                           Load    Length   Top    Selector   Space  Class     Delta

                reset_vec                      000000  000003  000003         0       0  CODE        2
                intentry                       000004  00045A  00045E         8       0  CODE        2
                cstackBANK0                    000020  000020  000040        20       1  BANK0       1
                cstackCOMMON                   000070  00000B  00007B        70       1  COMMON      1
                strings                        00045E  00000A  000468       8BC       0  STRING      2
                text8                          000468  000026  00048E       8D0       0  CODE        2


UNUSED ADDRESS RANGES

        Name                Unused          Largest block    Delta
        BANK0            0040-006F             30           1
        BANK1            00A0-00EF             50           1
        BANK2            0110-016F             60           1
        BANK3            0190-01EF             60           1
        CODE             0003-0003              1           2
                         048E-1FFF            800
        COMMON           007B-007D              3           1
        CONST            0003-0003              1           2
                         048E-1FFF            100
        EEDATA           2100-21FF            100           2
        ENTRY            0003-0003              1           2
                         048E-1FFF            100
        IDLOC            2000-2003              4           2
        RAM              0040-006F             30           1
                         00A0-00EF             50
                         0110-016F             60
                         0190-01EF             60
        SFR0             0000-001F             20           1
        SFR1             0080-009F             20           1
        SFR2             0100-010F             10           1
        SFR3             0180-018F             10           1
        STACK            0110-016F             60           1
        STRCODE          0003-0003              1           2
                         048E-1FFF           1B72
        STRING           0003-0003              1           2
                         048E-1FFF            100

                                  Symbol Table

?_I2C_Master_Read          cstackCOMMON 0073
?___awdiv                  cstackCOMMON 0073
?___lldiv                  cstackBANK0  0020
I2C_Master_Init@c          cstackBANK0  002D
I2C_Master_Read@a          cstackCOMMON 0073
I2C_Master_Read@temp       cstackBANK0  0020
I2C_Master_Write@d         cstackCOMMON 0073
SendString@val             cstackCOMMON 0075
_ANSEL                     (abs)        0188
_ANSELH                    (abs)        0189
_BAUDCTL                   (abs)        0187
_BRGH                      (abs)        04C2
_GIE                       (abs)        005F
_I2C_Master_Init           text2        031C
_I2C_Master_Read           text12       03BC
_I2C_Master_Start          text15       0485
_I2C_Master_Stop           text11       047C
_I2C_Master_Wait           text16       0451
_I2C_Master_Write          text14       0472
_INTCON                    (abs)        000B
_PEIE                      (abs)        005E
_PIE1bits                  (abs)        008C
_PIR1bits                  (abs)        000C
_PORTA                     (abs)        0005
_PORTE                     (abs)        0009
_RCREG                     (abs)        001A
_RCSTA                     (abs)        0018
_RTC_init                  text13       038B
_RTC_time                  text9        0150
_SPBRG                     (abs)        0099
_SPBRGH                    (abs)        009A
_SSPADD                    (abs)        0093
_SSPBUF                    (abs)        0013
_SSPCON                    (abs)        0014
_SSPCON2                   (abs)        0091
_SSPCON2bits               (abs)        0091
_SSPIE                     (abs)        0463
_SSPIF                     (abs)        0063
_SSPSTAT                   (abs)        0094
_SendString                text7        03EC
_TRISA                     (abs)        0085
_TRISB                     (abs)        0086
_TRISC                     (abs)        0087
_TRISC3                    (abs)        043B
_TRISC4                    (abs)        043C
_TRISCbits                 (abs)        0087
_TRISE                     (abs)        0089
_TXIF                      (abs)        0064
_TXREG                     (abs)        0019
_TXSTA                     (abs)        0098
_TXSTAbits                 (abs)        0098
__Habs1                    abs1         0000
__Hbank0                   bank0        0000
__Hbank1                   bank1        0000
__Hbank2                   bank2        0000
__Hbank3                   bank3        0000
__HbssBANK0                bssBANK0     0000
__HbssCOMMON               bssCOMMON    0000
__Hcinit                   cinit        0024
__Hclrtext                 clrtext      0000
__Hcode                    code         0000
__Hcommon                  common       0000
__Hconfig                  config       2009
__HcstackBANK0             cstackBANK0  0000
__HcstackCOMMON            cstackCOMMON 0000
__Heeprom_data             eeprom_data  0000
__Hend_init                end_init     000F
__Hfunctab                 functab      0000
__Hinit                    init         000C
__Hintentry                intentry     000C
__Hmaintext                maintext     0000
__Hpowerup                 powerup      0000
__Hram                     ram          0000
__Hreset_vec               reset_vec    0003
__Hsfr0                    sfr0         0000
__Hsfr1                    sfr1         0000
__Hsfr2                    sfr2         0000
__Hsfr3                    sfr3         0000
__Hspace_0                 (abs)        048E
__Hspace_1                 (abs)        007B
__Hspace_2                 (abs)        0000
__Hspace_3                 (abs)        0000
__Hspace_4                 (abs)        4010
__Hstack                   stack        0000
__Hstrings                 strings      0000
__Htext                    text         0000
__Labs1                    abs1         0000
__Lbank0                   bank0        0000
__Lbank1                   bank1        0000
__Lbank2                   bank2        0000
__Lbank3                   bank3        0000
__LbssBANK0                bssBANK0     0000
__LbssCOMMON               bssCOMMON    0000
__Lcinit                   cinit        000F
__Lclrtext                 clrtext      0000
__Lcode                    code         0000
__Lcommon                  common       0000
__Lconfig                  config       0000
__LcstackBANK0             cstackBANK0  0000
__LcstackCOMMON            cstackCOMMON 0000
__Leeprom_data             eeprom_data  0000
__Lend_init                end_init     000C
__Lfunctab                 functab      0000
__Linit                    init         000C
__Lintentry                intentry     0004
__Lmaintext                maintext     0000
__Lpowerup                 powerup      0000
__Lram                     ram          0000
__Lreset_vec               reset_vec    0000
__Lsfr0                    sfr0         0000
__Lsfr1                    sfr1         0000
__Lsfr2                    sfr2         0000
__Lsfr3                    sfr3         0000
__Lspace_0                 (abs)        0000
__Lspace_1                 (abs)        0000
__Lspace_2                 (abs)        0000
__Lspace_3                 (abs)        0000
__Lspace_4                 (abs)        0000
__Lstack                   stack        0000
__Lstrings                 strings      0000
__Ltext                    text         0000
__S0                       (abs)        048E
__S1                       (abs)        007B
__S2                       (abs)        0000
__S3                       (abs)        0000
___awdiv                   text6        024B
___awdiv@counter           cstackBANK0  0020
___awdiv@dividend          cstackCOMMON 0075
___awdiv@divisor           cstackCOMMON 0073
___awdiv@quotient          cstackBANK0  0022
___awdiv@sign              cstackBANK0  0021
___bmul                    text5        042A
___bmul@multiplicand       cstackCOMMON 0073
___bmul@multiplier         cstackCOMMON 0076
___bmul@product            cstackCOMMON 0075
___int_sp                  stack        0000
___latbits                 (abs)        0002
___lldiv                   text3        02B4
___lldiv@counter           cstackBANK0  002C
___lldiv@dividend          cstackBANK0  0024
___lldiv@divisor           cstackBANK0  0020
___lldiv@quotient          cstackBANK0  0028
___sp                      stack        0000
___stackhi                 (abs)        0000
___stacklo                 (abs)        0000
__end_of_I2C_Master_Init   text2        0356
__end_of_I2C_Master_Read   text12       03EC
__end_of_I2C_Master_Start  text15       048E
__end_of_I2C_Master_Stop   text11       0485
__end_of_I2C_Master_Wait   text16       045E
__end_of_I2C_Master_Write  text14       047C
__end_of_RTC_init          text13       03BC
__end_of_RTC_time          text9        01D3
__end_of_SendString        text7        040B
__end_of___awdiv           text6        02B4
__end_of___bmul            text5        043F
__end_of___lldiv           text3        031C
__end_of__initialization   cinit        0020
__end_of__stringtab        strings      0464
__end_of_ascii             text4        024B
__end_of_conv              text10       042A
__end_of_isr               text17       0451
__end_of_main              maintext     0150
__end_of_ready             text8        0472
__end_of_setup             text1        038B
__initialization           cinit        000F
__pbssBANK0                bssBANK0     0034
__pbssCOMMON               bssCOMMON    0078
__pcstackBANK0             cstackBANK0  0020
__pcstackCOMMON            cstackCOMMON 0070
__pintentry                intentry     0004
__pmaintext                maintext     0024
__pstrings                 strings      045E
__ptext1                   text1        0356
__ptext10                  text10       040B
__ptext11                  text11       047C
__ptext12                  text12       03BC
__ptext13                  text13       038B
__ptext14                  text14       0472
__ptext15                  text15       0485
__ptext16                  text16       0451
__ptext17                  text17       043F
__ptext2                   text2        031C
__ptext3                   text3        02B4
__ptext4                   text4        01D3
__ptext5                   text5        042A
__ptext6                   text6        024B
__ptext7                   text7        03EC
__ptext8                   text8        0468
__ptext9                   text9        0150
__size_of_I2C_Master_Init  (abs)        0000
__size_of_I2C_Master_Read  (abs)        0000
__size_of_I2C_Master_Start (abs)        0000
__size_of_I2C_Master_Stop  (abs)        0000
__size_of_I2C_Master_Wait  (abs)        0000
__size_of_I2C_Master_Write (abs)        0000
__size_of_RTC_init         (abs)        0000
__size_of_RTC_time         (abs)        0000
__size_of_SendString       (abs)        0000
__size_of___awdiv          (abs)        0000
__size_of___bmul           (abs)        0000
__size_of___lldiv          (abs)        0000
__size_of_ascii            (abs)        0000
__size_of_conv             (abs)        0000
__size_of_isr              (abs)        0000
__size_of_main             (abs)        0000
__size_of_ready            (abs)        0000
__size_of_setup            (abs)        0000
__stringbase               strings      0463
__stringtab                strings      045E
_ascii                     text4        01D3
_aski                      bssBANK0     0036
_conv                      text10       040B
_hr                        bssBANK0     003D
_hr_d                      bssBANK0     0037
_hr_u                      bssBANK0     0038
_isr                       text17       043F
_lec                       bssBANK0     0035
_main                      maintext     0024
_min                       bssBANK0     003E
_min_d                     bssBANK0     0039
_min_u                     bssBANK0     003A
_ready                     text8        0468
_ret                       bssBANK0     0034
_sec                       bssBANK0     003F
_sec_d                     bssBANK0     003B
_sec_u                     bssBANK0     003C
_setup                     text1        0356
_variable                  bssCOMMON    0079
ascii@num                  cstackCOMMON 0075
btemp                      (abs)        007E
conv@bcd                   cstackCOMMON 0075
end_of_initialization      cinit        0020
interrupt_function         intentry     0004
intlevel0                  functab      0000
intlevel1                  functab      0000
intlevel2                  functab      0000
intlevel3                  functab      0000
intlevel4                  functab      0000
intlevel5                  functab      0000
ready@val                  cstackCOMMON 0073
reset_vec                  reset_vec    0000
saved_w                    (abs)        007E
start                      init         000C
start_initialization       cinit        000F
wtemp0                     (abs)        007E


FUNCTION INFORMATION:

 *************** function _main *****************
 Defined at:
		line 87 in file "master.c"
 Parameters:    Size  Location     Type
		None
 Auto vars:     Size  Location     Type
		None
 Return value:  Size  Location     Type
                  1    wreg      void 
 Registers used:
		wreg, fsr0l, fsr0h, status,2, status,0, pclath, cstack
 Tracked objects:
		On entry : 
		On exit  : 
		Unchanged: 
 Data sizes:     COMMON   BANK0   BANK1   BANK3   BANK2
      Params:         0       0       0       0       0
      Locals:         0       0       0       0       0
      Temps:          0       3       0       0       0
      Totals:         0       3       0       0       0
Total ram usage:        3 bytes
 Hardware stack levels required when called:    4
 This function calls:
		_RTC_init
		_RTC_time
		_SendString
		___awdiv
		___bmul
		_ascii
		_ready
		_setup
 This function is called by:
		Startup code after reset
 This function uses a non-reentrant model


 *************** function _setup *****************
 Defined at:
		line 151 in file "master.c"
 Parameters:    Size  Location     Type
		None
 Auto vars:     Size  Location     Type
		None
 Return value:  Size  Location     Type
                  1    wreg      void 
 Registers used:
		wreg, status,2, status,0, pclath, cstack
 Tracked objects:
		On entry : 
		On exit  : 
		Unchanged: 
 Data sizes:     COMMON   BANK0   BANK1   BANK3   BANK2
      Params:         0       0       0       0       0
      Locals:         0       0       0       0       0
      Temps:          0       0       0       0       0
      Totals:         0       0       0       0       0
Total ram usage:        0 bytes
 Hardware stack levels used:    1
 Hardware stack levels required when called:    3
 This function calls:
		_I2C_Master_Init
 This function is called by:
		_main
 This function uses a non-reentrant model


 *************** function _I2C_Master_Init *****************
 Defined at:
		line 17 in file "I2C.c"
 Parameters:    Size  Location     Type
  c               4   13[BANK0 ] const unsigned long 
 Auto vars:     Size  Location     Type
		None
 Return value:  Size  Location     Type
                  1    wreg      void 
 Registers used:
		wreg, status,2, status,0, pclath, cstack
 Tracked objects:
		On entry : 
		On exit  : 
		Unchanged: 
 Data sizes:     COMMON   BANK0   BANK1   BANK3   BANK2
      Params:         0       4       0       0       0
      Locals:         0       0       0       0       0
      Temps:          4       0       0       0       0
      Totals:         4       4       0       0       0
Total ram usage:        8 bytes
 Hardware stack levels used:    1
 Hardware stack levels required when called:    2
 This function calls:
		___lldiv
 This function is called by:
		_setup
 This function uses a non-reentrant model


 *************** function ___lldiv *****************
 Defined at:
		line 5 in file "C:\Program Files\Microchip\xc8\v2.31\pic\sources\c90\common\__lldiv.c"
 Parameters:    Size  Location     Type
  divisor         4    0[BANK0 ] unsigned long 
  dividend        4    4[BANK0 ] unsigned long 
 Auto vars:     Size  Location     Type
  quotient        4    8[BANK0 ] unsigned long 
  counter         1   12[BANK0 ] unsigned char 
 Return value:  Size  Location     Type
                  4    0[BANK0 ] unsigned long 
 Registers used:
		wreg, status,2, status,0
 Tracked objects:
		On entry : 
		On exit  : 
		Unchanged: 
 Data sizes:     COMMON   BANK0   BANK1   BANK3   BANK2
      Params:         0       8       0       0       0
      Locals:         0       5       0       0       0
      Temps:          1       0       0       0       0
      Totals:         1      13       0       0       0
Total ram usage:       14 bytes
 Hardware stack levels used:    1
 Hardware stack levels required when called:    1
 This function calls:
		Nothing
 This function is called by:
		_I2C_Master_Init
 This function uses a non-reentrant model


 *************** function _ascii *****************
 Defined at:
		line 109 in file "I2C.c"
 Parameters:    Size  Location     Type
  num             1    wreg     unsigned char 
 Auto vars:     Size  Location     Type
  num             1    5[COMMON] unsigned char 
 Return value:  Size  Location     Type
                  1    wreg      unsigned char 
 Registers used:
		wreg, fsr0l, fsr0h, status,2, status,0
 Tracked objects:
		On entry : 
		On exit  : 
		Unchanged: 
 Data sizes:     COMMON   BANK0   BANK1   BANK3   BANK2
      Params:         0       0       0       0       0
      Locals:         1       0       0       0       0
      Temps:          2       0       0       0       0
      Totals:         3       0       0       0       0
Total ram usage:        3 bytes
 Hardware stack levels used:    1
 Hardware stack levels required when called:    1
 This function calls:
		Nothing
 This function is called by:
		_main
 This function uses a non-reentrant model


 *************** function ___bmul *****************
 Defined at:
		line 4 in file "C:\Program Files\Microchip\xc8\v2.31\pic\sources\c90\common\Umul8.c"
 Parameters:    Size  Location     Type
  multiplier      1    wreg     unsigned char 
  multiplicand    1    3[COMMON] unsigned char 
 Auto vars:     Size  Location     Type
  multiplier      1    6[COMMON] unsigned char 
  product         1    5[COMMON] unsigned char 
 Return value:  Size  Location     Type
                  1    wreg      unsigned char 
 Registers used:
		wreg, status,2, status,0
 Tracked objects:
		On entry : 
		On exit  : 
		Unchanged: 
 Data sizes:     COMMON   BANK0   BANK1   BANK3   BANK2
      Params:         1       0       0       0       0
      Locals:         2       0       0       0       0
      Temps:          1       0       0       0       0
      Totals:         4       0       0       0       0
Total ram usage:        4 bytes
 Hardware stack levels used:    1
 Hardware stack levels required when called:    1
 This function calls:
		Nothing
 This function is called by:
		_main
 This function uses a non-reentrant model


 *************** function ___awdiv *****************
 Defined at:
		line 5 in file "C:\Program Files\Microchip\xc8\v2.31\pic\sources\c90\common\awdiv.c"
 Parameters:    Size  Location     Type
  divisor         2    3[COMMON] int 
  dividend        2    5[COMMON] int 
 Auto vars:     Size  Location     Type
  quotient        2    2[BANK0 ] int 
  sign            1    1[BANK0 ] unsigned char 
  counter         1    0[BANK0 ] unsigned char 
 Return value:  Size  Location     Type
                  2    3[COMMON] int 
 Registers used:
		wreg, status,2, status,0
 Tracked objects:
		On entry : 
		On exit  : 
		Unchanged: 
 Data sizes:     COMMON   BANK0   BANK1   BANK3   BANK2
      Params:         4       0       0       0       0
      Locals:         0       4       0       0       0
      Temps:          1       0       0       0       0
      Totals:         5       4       0       0       0
Total ram usage:        9 bytes
 Hardware stack levels used:    1
 Hardware stack levels required when called:    1
 This function calls:
		Nothing
 This function is called by:
		_main
 This function uses a non-reentrant model


 *************** function _SendString *****************
 Defined at:
		line 225 in file "master.c"
 Parameters:    Size  Location     Type
  val             1    wreg     PTR unsigned char 
		 -> STR_2(4), STR_1(4), 
 Auto vars:     Size  Location     Type
  val             1    5[COMMON] PTR unsigned char 
		 -> STR_2(4), STR_1(4), 
 Return value:  Size  Location     Type
                  1    wreg      void 
 Registers used:
		wreg, fsr0l, fsr0h, status,2, status,0, pclath, cstack
 Tracked objects:
		On entry : 
		On exit  : 
		Unchanged: 
 Data sizes:     COMMON   BANK0   BANK1   BANK3   BANK2
      Params:         0       0       0       0       0
      Locals:         1       0       0       0       0
      Temps:          1       0       0       0       0
      Totals:         2       0       0       0       0
Total ram usage:        2 bytes
 Hardware stack levels used:    1
 Hardware stack levels required when called:    2
 This function calls:
		_ready
 This function is called by:
		_main
 This function uses a non-reentrant model


 *************** function _ready *****************
 Defined at:
		line 220 in file "master.c"
 Parameters:    Size  Location     Type
  val             1    wreg     unsigned char 
 Auto vars:     Size  Location     Type
  val             1    3[COMMON] unsigned char 
 Return value:  Size  Location     Type
                  1    wreg      void 
 Registers used:
		wreg
 Tracked objects:
		On entry : 
		On exit  : 
		Unchanged: 
 Data sizes:     COMMON   BANK0   BANK1   BANK3   BANK2
      Params:         0       0       0       0       0
      Locals:         1       0       0       0       0
      Temps:          0       0       0       0       0
      Totals:         1       0       0       0       0
Total ram usage:        1 bytes
 Hardware stack levels used:    1
 Hardware stack levels required when called:    1
 This function calls:
		Nothing
 This function is called by:
		_main
		_SendString
 This function uses a non-reentrant model


 *************** function _RTC_time *****************
 Defined at:
		line 182 in file "master.c"
 Parameters:    Size  Location     Type
		None
 Auto vars:     Size  Location     Type
		None
 Return value:  Size  Location     Type
                  1    wreg      void 
 Registers used:
		wreg, status,2, status,0, pclath, cstack
 Tracked objects:
		On entry : 
		On exit  : 
		Unchanged: 
 Data sizes:     COMMON   BANK0   BANK1   BANK3   BANK2
      Params:         0       0       0       0       0
      Locals:         0       0       0       0       0
      Temps:          0       2       0       0       0
      Totals:         0       2       0       0       0
Total ram usage:        2 bytes
 Hardware stack levels used:    1
 Hardware stack levels required when called:    3
 This function calls:
		_I2C_Master_Read
		_I2C_Master_Start
		_I2C_Master_Stop
		_I2C_Master_Write
		_conv
 This function is called by:
		_main
 This function uses a non-reentrant model


 *************** function _conv *****************
 Defined at:
		line 201 in file "master.c"
 Parameters:    Size  Location     Type
  bcd             1    wreg     unsigned char 
 Auto vars:     Size  Location     Type
  bcd             1    5[COMMON] unsigned char 
 Return value:  Size  Location     Type
                  1    wreg      unsigned char 
 Registers used:
		wreg, status,2, status,0
 Tracked objects:
		On entry : 
		On exit  : 
		Unchanged: 
 Data sizes:     COMMON   BANK0   BANK1   BANK3   BANK2
      Params:         0       0       0       0       0
      Locals:         1       0       0       0       0
      Temps:          2       0       0       0       0
      Totals:         3       0       0       0       0
Total ram usage:        3 bytes
 Hardware stack levels used:    1
 Hardware stack levels required when called:    1
 This function calls:
		Nothing
 This function is called by:
		_RTC_time
 This function uses a non-reentrant model


 *************** function _I2C_Master_Stop *****************
 Defined at:
		line 56 in file "I2C.c"
 Parameters:    Size  Location     Type
		None
 Auto vars:     Size  Location     Type
		None
 Return value:  Size  Location     Type
                  1    wreg      void 
 Registers used:
		wreg, status,2, status,0, pclath, cstack
 Tracked objects:
		On entry : 
		On exit  : 
		Unchanged: 
 Data sizes:     COMMON   BANK0   BANK1   BANK3   BANK2
      Params:         0       0       0       0       0
      Locals:         0       0       0       0       0
      Temps:          0       0       0       0       0
      Totals:         0       0       0       0       0
Total ram usage:        0 bytes
 Hardware stack levels used:    1
 Hardware stack levels required when called:    2
 This function calls:
		_I2C_Master_Wait
 This function is called by:
		_RTC_time
 This function uses a non-reentrant model


 *************** function _I2C_Master_Read *****************
 Defined at:
		line 75 in file "I2C.c"
 Parameters:    Size  Location     Type
  a               2    3[COMMON] unsigned short 
 Auto vars:     Size  Location     Type
  temp            2    0[BANK0 ] unsigned short 
 Return value:  Size  Location     Type
                  2    3[COMMON] unsigned short 
 Registers used:
		wreg, status,2, status,0, pclath, cstack
 Tracked objects:
		On entry : 
		On exit  : 
		Unchanged: 
 Data sizes:     COMMON   BANK0   BANK1   BANK3   BANK2
      Params:         2       0       0       0       0
      Locals:         0       2       0       0       0
      Temps:          2       0       0       0       0
      Totals:         4       2       0       0       0
Total ram usage:        6 bytes
 Hardware stack levels used:    1
 Hardware stack levels required when called:    2
 This function calls:
		_I2C_Master_Wait
 This function is called by:
		_RTC_time
 This function uses a non-reentrant model


 *************** function _RTC_init *****************
 Defined at:
		line 208 in file "master.c"
 Parameters:    Size  Location     Type
		None
 Auto vars:     Size  Location     Type
		None
 Return value:  Size  Location     Type
                  1    wreg      void 
 Registers used:
		wreg, status,2, status,0, pclath, cstack
 Tracked objects:
		On entry : 
		On exit  : 
		Unchanged: 
 Data sizes:     COMMON   BANK0   BANK1   BANK3   BANK2
      Params:         0       0       0       0       0
      Locals:         0       0       0       0       0
      Temps:          0       0       0       0       0
      Totals:         0       0       0       0       0
Total ram usage:        0 bytes
 Hardware stack levels used:    1
 Hardware stack levels required when called:    3
 This function calls:
		_I2C_Master_Start
		_I2C_Master_Write
 This function is called by:
		_main
 This function uses a non-reentrant model


 *************** function _I2C_Master_Write *****************
 Defined at:
		line 66 in file "I2C.c"
 Parameters:    Size  Location     Type
  d               2    3[COMMON] unsigned int 
 Auto vars:     Size  Location     Type
		None
 Return value:  Size  Location     Type
                  1    wreg      void 
 Registers used:
		wreg, status,2, status,0, pclath, cstack
 Tracked objects:
		On entry : 
		On exit  : 
		Unchanged: 
 Data sizes:     COMMON   BANK0   BANK1   BANK3   BANK2
      Params:         2       0       0       0       0
      Locals:         0       0       0       0       0
      Temps:          0       0       0       0       0
      Totals:         2       0       0       0       0
Total ram usage:        2 bytes
 Hardware stack levels used:    1
 Hardware stack levels required when called:    2
 This function calls:
		_I2C_Master_Wait
 This function is called by:
		_RTC_time
		_RTC_init
 This function uses a non-reentrant model


 *************** function _I2C_Master_Start *****************
 Defined at:
		line 40 in file "I2C.c"
 Parameters:    Size  Location     Type
		None
 Auto vars:     Size  Location     Type
		None
 Return value:  Size  Location     Type
                  1    wreg      void 
 Registers used:
		wreg, status,2, status,0, pclath, cstack
 Tracked objects:
		On entry : 
		On exit  : 
		Unchanged: 
 Data sizes:     COMMON   BANK0   BANK1   BANK3   BANK2
      Params:         0       0       0       0       0
      Locals:         0       0       0       0       0
      Temps:          0       0       0       0       0
      Totals:         0       0       0       0       0
Total ram usage:        0 bytes
 Hardware stack levels used:    1
 Hardware stack levels required when called:    2
 This function calls:
		_I2C_Master_Wait
 This function is called by:
		_RTC_time
		_RTC_init
 This function uses a non-reentrant model


 *************** function _I2C_Master_Wait *****************
 Defined at:
		line 33 in file "I2C.c"
 Parameters:    Size  Location     Type
		None
 Auto vars:     Size  Location     Type
		None
 Return value:  Size  Location     Type
                  1    wreg      void 
 Registers used:
		wreg, status,2
 Tracked objects:
		On entry : 
		On exit  : 
		Unchanged: 
 Data sizes:     COMMON   BANK0   BANK1   BANK3   BANK2
      Params:         0       0       0       0       0
      Locals:         0       0       0       0       0
      Temps:          0       0       0       0       0
      Totals:         0       0       0       0       0
Total ram usage:        0 bytes
 Hardware stack levels used:    1
 Hardware stack levels required when called:    1
 This function calls:
		Nothing
 This function is called by:
		_I2C_Master_Start
		_I2C_Master_Stop
		_I2C_Master_Write
		_I2C_Master_Read
		_I2C_Master_RepeatedStart
 This function uses a non-reentrant model


 *************** function _isr *****************
 Defined at:
		line 74 in file "master.c"
 Parameters:    Size  Location     Type
		None
 Auto vars:     Size  Location     Type
		None
 Return value:  Size  Location     Type
                  1    wreg      void 
 Registers used:
		wreg
 Tracked objects:
		On entry : 
		On exit  : 
		Unchanged: 
 Data sizes:     COMMON   BANK0   BANK1   BANK3   BANK2
      Params:         0       0       0       0       0
      Locals:         0       0       0       0       0
      Temps:          3       0       0       0       0
      Totals:         3       0       0       0       0
Total ram usage:        3 bytes
 Hardware stack levels used:    1
 This function calls:
		Nothing
 This function is called by:
		Interrupt level 1
 This function uses a non-reentrant model



MODULE INFORMATION

Module		Function		Class		Link	Load	Size
C:\Program Files\Microchip\xc8\v2.31\pic\sources\c90\common\__lldiv.c
		___lldiv       		CODE           	02B4	0000	104

C:\Program Files\Microchip\xc8\v2.31\pic\sources\c90\common\__lldiv.c estimated size: 104

I2C.c
		_I2C_Master_Read		CODE           	03BC	0000	48
		_I2C_Master_Wait		CODE           	0451	0000	13
		_I2C_Master_Init		CODE           	031C	0000	58
		_I2C_Master_Stop		CODE           	047C	0000	9
		_I2C_Master_Write		CODE           	0472	0000	10
		_I2C_Master_Start		CODE           	0485	0000	9
		_ascii         		CODE           	01D3	0000	120

I2C.c estimated size: 267

C:\Program Files\Microchip\xc8\v2.31\pic\sources\c90\common\awdiv.c
		___awdiv       		CODE           	024B	0000	105

C:\Program Files\Microchip\xc8\v2.31\pic\sources\c90\common\awdiv.c estimated size: 105

shared
		__stringtab    		STRING         	045E	0000	6
		__initialization		CODE           	000F	0000	17

shared estimated size: 23

master.c
		_ready         		CODE           	0468	0000	10
		_SendString    		CODE           	03EC	0000	31
		_main          		CODE           	0024	0000	300
		_conv          		CODE           	040B	0000	31
		_isr           		CODE           	043F	0000	18
		_setup         		CODE           	0356	0000	53
		_RTC_time      		CODE           	0150	0000	131
		_RTC_init      		CODE           	038B	0000	49

master.c estimated size: 623

C:\Program Files\Microchip\xc8\v2.31\pic\sources\c90\common\Umul8.c
		___bmul        		CODE           	042A	0000	21

C:\Program Files\Microchip\xc8\v2.31\pic\sources\c90\common\Umul8.c estimated size: 21

