******************************************************************************
                  TI ARM Linker PC v20.2.5                     
******************************************************************************
>> Linked Tue May 25 19:11:55 2021

OUTPUT FILE NAME:   <Proyecto4.out>
ENTRY POINT SYMBOL: "_c_int00_noargs"  address: 00000971


MEMORY CONFIGURATION

         name            origin    length      used     unused   attr    fill
----------------------  --------  ---------  --------  --------  ----  --------
  FLASH                 00000000   00040000  00000b88  0003f478  R  X
  SRAM                  20000000   00008000  00000209  00007df7  RW X


SEGMENT ALLOCATION MAP

run origin  load origin   length   init length attrs members
----------  ----------- ---------- ----------- ----- -------
00000000    00000000    00000b88   00000b88    r-x
  00000000    00000000    0000026c   0000026c    r-- .intvecs
  0000026c    0000026c    00000808   00000808    r-x .text
  00000a74    00000a74    000000fc   000000fc    r-- .const
  00000b70    00000b70    00000018   00000018    r-- .cinit
20000000    20000000    00000209   00000000    rw-
  20000000    20000000    00000200   00000000    rw- .stack
  20000200    20000200    00000009   00000000    rw- .data


SECTION ALLOCATION MAP

 output                                  attributes/
section   page    origin      length       input sections
--------  ----  ----------  ----------   ----------------
.intvecs   0    00000000    0000026c     
                  00000000    0000026c     tm4c123gh6pm_startup_ccs.obj (.intvecs)

.text      0    0000026c    00000808     
                  0000026c    000001c0     main.obj (.text)
                  0000042c    00000132     driverlib.lib : gpio.obj (.text:GPIOPadConfigSet)
                  0000055e    00000002     --HOLE-- [fill = 0]
                  00000560    00000110                   : sysctl.obj (.text:SysCtlClockGet)
                  00000670    000000f4                   : sysctl.obj (.text:SysCtlClockSet)
                  00000764    0000009c     rtsv7M4_T_le_v4SPD16_eabi.lib : memcpy_t2.asm.obj (.text)
                  00000800    00000068                                   : copy_decompress_lzss.c.obj (.text:decompress:lzss:__TI_decompress_lzss)
                  00000868    00000048     driverlib.lib : gpio.obj (.text:GPIOPinConfigure)
                  000008b0    00000046                   : uart.obj (.text:UARTConfigSetExpClk)
                  000008f6    00000002     --HOLE-- [fill = 0]
                  000008f8    00000044     rtsv7M4_T_le_v4SPD16_eabi.lib : autoinit.c.obj (.text:__TI_auto_init_nobinit_nopinit:__TI_auto_init_nobinit_nopinit)
                  0000093c    00000034     driverlib.lib : sysctl.obj (.text:SysCtlPeripheralEnable)
                  00000970    00000034     rtsv7M4_T_le_v4SPD16_eabi.lib : boot_cortex_m.c.obj (.text:_c_int00_noargs:_c_int00_noargs)
                  000009a4    0000002a     driverlib.lib : gpio.obj (.text:GPIODirModeSet)
                  000009ce    00000002     --HOLE-- [fill = 0]
                  000009d0    00000020                   : uart.obj (.text:UARTDisable)
                  000009f0    00000018                   : gpio.obj (.text:GPIOPinTypeGPIOOutput)
                  00000a08    00000014                   : uart.obj (.text:UARTEnable)
                  00000a1c    00000012                   : gpio.obj (.text:GPIOPinTypeGPIOInput)
                  00000a2e    00000012                   : gpio.obj (.text:GPIOPinTypeUART)
                  00000a40    0000000e     rtsv7M4_T_le_v4SPD16_eabi.lib : copy_decompress_none.c.obj (.text:decompress:none:__TI_decompress_none)
                  00000a4e    0000000c     tm4c123gh6pm_startup_ccs.obj (.text)
                  00000a5a    00000006     driverlib.lib : gpio.obj (.text:GPIOPinRead)
                  00000a60    00000006                   : gpio.obj (.text:GPIOPinWrite)
                  00000a66    00000006                   : sysctl.obj (.text:SysCtlDelay)
                  00000a6c    00000004     rtsv7M4_T_le_v4SPD16_eabi.lib : pre_init.c.obj (.text:_system_pre_init)
                  00000a70    00000004                                   : exit.c.obj (.text:abort:abort)

.const     0    00000a74    000000fc     
                  00000a74    00000090     driverlib.lib : gpio.obj (.const:g_pui32GPIOBaseAddrs)
                  00000b04    0000006c                   : sysctl.obj (.const:g_pui32Xtals)

.cinit     0    00000b70    00000018     
                  00000b70    00000008     (__TI_handler_table)
                  00000b78    00000007     (.cinit..data.load) [load image, compression = lzss]
                  00000b7f    00000001     --HOLE-- [fill = 0]
                  00000b80    00000008     (__TI_cinit_table)

.init_array 
*          0    00000000    00000000     UNINITIALIZED

.data      0    20000200    00000009     UNINITIALIZED
                  20000200    00000009     main.obj (.data)

.stack     0    20000000    00000200     UNINITIALIZED
                  20000000    00000004     rtsv7M4_T_le_v4SPD16_eabi.lib : boot_cortex_m.c.obj (.stack)
                  20000004    000001fc     --HOLE--

__llvm_prf_cnts 
*          0    20000000    00000000     UNINITIALIZED

MODULE SUMMARY

       Module                         code   ro data   rw data
       ------                         ----   -------   -------
    .\
       tm4c123gh6pm_startup_ccs.obj   12     620       0      
       main.obj                       448    0         9      
    +--+------------------------------+------+---------+---------+
       Total:                         460    620       9      
                                                              
    C:/ti/TivaWare_C_Series-2.1.4.178/driverlib/ccs/Debug/driverlib.lib
       sysctl.obj                     574    108       0      
       gpio.obj                       492    144       0      
       uart.obj                       122    0         0      
    +--+------------------------------+------+---------+---------+
       Total:                         1188   252       0      
                                                              
    C:\ti\ccs1031\ccs\tools\compiler\ti-cgt-arm_20.2.5.LTS\lib\rtsv7M4_T_le_v4SPD16_eabi.lib
       memcpy_t2.asm.obj              156    0         0      
       copy_decompress_lzss.c.obj     104    0         0      
       autoinit.c.obj                 68     0         0      
       boot_cortex_m.c.obj            52     0         0      
       copy_decompress_none.c.obj     14     0         0      
       exit.c.obj                     4      0         0      
       pre_init.c.obj                 4      0         0      
    +--+------------------------------+------+---------+---------+
       Total:                         402    0         0      
                                                              
       Stack:                         0      0         512    
       Linker Generated:              0      23        0      
    +--+------------------------------+------+---------+---------+
       Grand Total:                   2050   895       521    


LINKER GENERATED COPY TABLES

__TI_cinit_table @ 00000b80 records: 1, size/record: 8, table size: 8
	.data: load addr=00000b78, load size=00000007 bytes, run addr=20000200, run size=00000009 bytes, compression=lzss


LINKER GENERATED HANDLER TABLE

__TI_handler_table @ 00000b70 records: 2, size/record: 4, table size: 8
	index: 0, handler: __TI_decompress_lzss
	index: 1, handler: __TI_decompress_none


GLOBAL SYMBOLS: SORTED ALPHABETICALLY BY Name 

address   name                          
-------   ----                          
00000a71  C$$EXIT                       
000009a5  GPIODirModeSet                
0000042d  GPIOPadConfigSet              
00000869  GPIOPinConfigure              
00000a5b  GPIOPinRead                   
00000a1d  GPIOPinTypeGPIOInput          
000009f1  GPIOPinTypeGPIOOutput         
00000a2f  GPIOPinTypeUART               
00000a61  GPIOPinWrite                  
00000a4f  ResetISR                      
00000561  SysCtlClockGet                
00000671  SysCtlClockSet                
00000a67  SysCtlDelay                   
0000093d  SysCtlPeripheralEnable        
000008b1  UARTConfigSetExpClk           
000009d1  UARTDisable                   
00000a09  UARTEnable                    
20000200  __STACK_END                   
00000200  __STACK_SIZE                  
20000200  __STACK_TOP                   
00000b80  __TI_CINIT_Base               
00000b88  __TI_CINIT_Limit              
00000b70  __TI_Handler_Table_Base       
00000b78  __TI_Handler_Table_Limit      
000008f9  __TI_auto_init_nobinit_nopinit
00000801  __TI_decompress_lzss          
00000a41  __TI_decompress_none          
ffffffff  __TI_pprof_out_hndl           
ffffffff  __TI_prof_data_size           
ffffffff  __TI_prof_data_start          
00000000  __TI_static_base__            
00000765  __aeabi_memcpy                
00000765  __aeabi_memcpy4               
00000765  __aeabi_memcpy8               
ffffffff  __binit__                     
ffffffff  __c_args__                    
UNDEFED   __mpu_init                    
20000000  __stack                       
20000000  __start___llvm_prf_cnts       
20000000  __stop___llvm_prf_cnts        
00000971  _c_int00_noargs               
UNDEFED   _system_post_cinit            
00000a6d  _system_pre_init              
00000a71  abort                         
ffffffff  binit                         
000003e1  disp                          
20000208  display                       
20000200  estado                        
00000000  g_pfnVectors                  
0000026d  main                          
00000765  memcpy                        
20000204  push1                         
20000205  push2                         
20000206  push3                         
20000207  push4                         


GLOBAL SYMBOLS: SORTED BY Symbol Address 

address   name                          
-------   ----                          
00000000  __TI_static_base__            
00000000  g_pfnVectors                  
00000200  __STACK_SIZE                  
0000026d  main                          
000003e1  disp                          
0000042d  GPIOPadConfigSet              
00000561  SysCtlClockGet                
00000671  SysCtlClockSet                
00000765  __aeabi_memcpy                
00000765  __aeabi_memcpy4               
00000765  __aeabi_memcpy8               
00000765  memcpy                        
00000801  __TI_decompress_lzss          
00000869  GPIOPinConfigure              
000008b1  UARTConfigSetExpClk           
000008f9  __TI_auto_init_nobinit_nopinit
0000093d  SysCtlPeripheralEnable        
00000971  _c_int00_noargs               
000009a5  GPIODirModeSet                
000009d1  UARTDisable                   
000009f1  GPIOPinTypeGPIOOutput         
00000a09  UARTEnable                    
00000a1d  GPIOPinTypeGPIOInput          
00000a2f  GPIOPinTypeUART               
00000a41  __TI_decompress_none          
00000a4f  ResetISR                      
00000a5b  GPIOPinRead                   
00000a61  GPIOPinWrite                  
00000a67  SysCtlDelay                   
00000a6d  _system_pre_init              
00000a71  C$$EXIT                       
00000a71  abort                         
00000b70  __TI_Handler_Table_Base       
00000b78  __TI_Handler_Table_Limit      
00000b80  __TI_CINIT_Base               
00000b88  __TI_CINIT_Limit              
20000000  __stack                       
20000000  __start___llvm_prf_cnts       
20000000  __stop___llvm_prf_cnts        
20000200  __STACK_END                   
20000200  __STACK_TOP                   
20000200  estado                        
20000204  push1                         
20000205  push2                         
20000206  push3                         
20000207  push4                         
20000208  display                       
ffffffff  __TI_pprof_out_hndl           
ffffffff  __TI_prof_data_size           
ffffffff  __TI_prof_data_start          
ffffffff  __binit__                     
ffffffff  __c_args__                    
ffffffff  binit                         
UNDEFED   __mpu_init                    
UNDEFED   _system_post_cinit            

[55 symbols]
